--- Starting Rinse Cycle ---
Activating local toolchain...
Verifying toolchain...
Toolchain verified.
React Native project not found. Initializing...

               ######                ######
             ###     ####        ####     ###
            ##          ###    ###          ##
            ##             ####             ##
            ##             ####             ##
            ##           ##    ##           ##
            ##         ###      ###         ##
             ##  ########################  ##
          ######    ###            ###    ######
      ###     ##    ##              ##    ##     ###
   ###         ## ###      ####      ### ##         ###
  ##           ####      ########      ####           ##
 ##             ###     ##########     ###             ##
  ##           ####      ########      ####           ##
   ###         ## ###      ####      ### ##         ###
      ###     ##    ##              ##    ##     ###
          ######    ###            ###    ######
             ##  ########################  ##
            ##         ###      ###         ##
            ##           ##    ##           ##
            ##             ####             ##
            ##             ####             ##
            ##          ###    ###          ##
             ###     ####        ####     ###
               ######                ######


              Welcome to React Native 0.82.1!
                 Learn once, write anywhere



  Run instructions for Android:
    • Have an Android emulator running (quickest way to get started), or a device connected.
    • cd "/app/workspace/AwesomeProject" && npx react-native run-android


Configuring project for src/ directory...
Installing additional dependencies...

added 15 packages, and audited 851 packages in 3s

161 packages are looking for funding
  run `npm fund` for details

found 0 vulnerabilities
Installing Node.js dependencies...

up to date, audited 851 packages in 2s

161 packages are looking for funding
  run `npm fund` for details

found 0 vulnerabilities
Dependencies installed.
--- Rinse Cycle Complete ---
Ready for repeat.bash
