--- Starting Wash Cycle (Platform: linux) ---
STEP 1: Preparing Node.js...
Downloading 'node-v20.19.5-linux-x64.tar.xz'...
Extracting 'node-v20.19.5-linux-x64.tar.xz'...
Done.
STEP 1 COMPLETE.
STEP 2: Preparing OpenJDK...
Downloading 'microsoft-jdk-17-linux-x64.tar.gz'...
Extracting 'microsoft-jdk-17-linux-x64.tar.gz'...
Done.
STEP 2 COMPLETE.
STEP 3: Preparing Android SDK...
Downloading 'commandlinetools-linux-10406996_latest.zip'...
Extracting 'commandlinetools-linux-10406996_latest.zip'...
Done.
STEP 3 COMPLETE.
STEP 4: Installing Android SDK components...
Accepting licenses...
Installing SDK packages...
SDK packages installed.
Generating environment file...
--- Wash Cycle Complete ---
Ready for rinse.bash
